// Vitest Snapshot v1, https://vitest.dev/guide/snapshot.html

exports[`manifest snapshot > snapshot: full tool roster (name, risk, domain) 1`] = `
[
  "sensitive auth            auth_get_access_token",
  "sensitive auth            auth_get_access_token_authorization_code",
  "sensitive auth            auth_refresh_access_token_authorization_code",
  "write     autoload        autoload_create_or_update_profile",
  "write     autoload        autoload_create_or_update_profile_v2",
  "read      autoload        autoload_get_ad_ids_by_avito_ids",
  "read      autoload        autoload_get_autoload_items_info_v2",
  "read      autoload        autoload_get_avito_ids_by_ad_ids",
  "read      autoload        autoload_get_last_completed_report",
  "read      autoload        autoload_get_last_completed_report_v3",
  "read      autoload        autoload_get_profile",
  "read      autoload        autoload_get_profile_v2",
  "read      autoload        autoload_get_report_by_id_v2",
  "read      autoload        autoload_get_report_by_id_v3",
  "read      autoload        autoload_get_report_items_by_id",
  "read      autoload        autoload_get_report_items_fees_by_id",
  "read      autoload        autoload_get_reports_v2",
  "write     autoload        autoload_upload",
  "read      autoload        autoload_user_docs_node_fields",
  "read      autoload        autoload_user_docs_tree",
  "read      calltracking    calltracking_get_call_by_id",
  "read      calltracking    calltracking_get_calls",
  "read      calltracking    calltracking_get_record_by_call_id",
  "read      cpa_auction     cpa_auction_get_user_bids",
  "money     cpa_auction     cpa_auction_save_item_bids",
  "read      cpa             cpa_balance_info_v2",
  "read      cpa             cpa_balance_info_v3",
  "read      cpa             cpa_chat_by_action_id",
  "read      cpa             cpa_chats_by_time_v1",
  "read      cpa             cpa_chats_by_time_v2",
  "write     cpa             cpa_create_complaint_by_action_id",
  "read      cpa             cpa_get_call",
  "read      cpa             cpa_get_call_by_id_v2",
  "read      cpa             cpa_get_calls_by_time_v2",
  "read      cpa             cpa_phones_info_from_chats",
  "write     cpa             cpa_post_create_complaint",
  "read      cpa_target      cpa_target_get_bids",
  "read      cpa_target      cpa_target_get_promotions_by_item_ids",
  "write     cpa_target      cpa_target_remove_promotion",
  "money     cpa_target      cpa_target_save_auto_bid",
  "money     cpa_target      cpa_target_save_manual_bid",
  "write     delivery        delivery_add_areas_sandbox",
  "write     delivery        delivery_add_sorting_center",
  "write     delivery        delivery_add_tags_to_sorting_center",
  "write     delivery        delivery_add_tariff_sandbox_v2",
  "write     delivery        delivery_add_terminals_sandbox",
  "write     delivery        delivery_cancel_announcement_3pl",
  "write     delivery        delivery_change_parcel_result",
  "write     delivery        delivery_change_parcels",
  "read      delivery        delivery_check_confirmation_code",
  "write     delivery        delivery_create_announcement_3pl",
  "write     delivery        delivery_create_parcel",
  "write     delivery        delivery_create_sandbox_parcel_v2",
  "write     delivery        delivery_custom_area_schedule",
  "read      delivery        delivery_get_sorting_center",
  "read      delivery        delivery_get_task",
  "write     delivery        delivery_prohibit_order_acceptance",
  "write     delivery        delivery_sandbox_cancel_parcel",
  "write     delivery        delivery_sandbox_create_announcement",
  "read      delivery        delivery_sandbox_track_announcement",
  "write     delivery        delivery_set_order_properties",
  "write     delivery        delivery_set_order_real_address",
  "read      delivery        delivery_tracking",
  "write     delivery        delivery_update_terms",
  "write     delivery        delivery_v1_cancel_announcement",
  "write     delivery        delivery_v1_cancel_parcel",
  "write     delivery        delivery_v1_change_parcel",
  "write     delivery        delivery_v1_create_announcement",
  "read      delivery        delivery_v1_get_announcement_event",
  "read      delivery        delivery_v1_get_change_parcel_info",
  "read      delivery        delivery_v1_get_parcel_info",
  "read      delivery        delivery_v1_get_registered_parcel_id",
  "read      hierarchy       hierarchy_check_ah_user_v1",
  "read      hierarchy       hierarchy_get_employees_v1",
  "write     hierarchy       hierarchy_link_items_v1",
  "read      hierarchy       hierarchy_list_company_phones_v1",
  "read      hierarchy       hierarchy_list_items_by_employee_id_v1",
  "money     items           items_apply_vas",
  "read      items           items_get_item_info",
  "read      items           items_get_items_info",
  "read      items           items_post_account_spendings",
  "read      items           items_post_calls_stats",
  "read      items           items_post_item_analytics",
  "read      items           items_post_item_stats_shallow",
  "read      items           items_post_vas_prices",
  "money     items           items_put_item_vas",
  "money     items           items_put_item_vas_package_v2",
  "public    items           items_update_price",
  "write     messenger       messenger_chat_read",
  "public    messenger       messenger_delete_message",
  "read      messenger       messenger_get_chat_by_id_v2",
  "read      messenger       messenger_get_chats_v2",
  "read      messenger       messenger_get_messages_v3",
  "read      messenger       messenger_get_subscriptions",
  "read      messenger       messenger_get_voice_files",
  "read      messenger       messenger_get_webhook_events",
  "read      messenger       messenger_get_webhook_status",
  "write     messenger       messenger_post_blacklist_v2",
  "public    messenger       messenger_post_send_image_message",
  "public    messenger       messenger_post_send_message",
  "write     messenger       messenger_post_webhook_unsubscribe",
  "write     messenger       messenger_post_webhook_v3",
  "write     messenger       messenger_register_webhook",
  "write     messenger       messenger_upload_images",
  "read      meta            meta_auth_status",
  "write     meta            meta_cancel_action",
  "read      meta            meta_capabilities",
  "write     meta            meta_confirm_action",
  "read      meta            meta_get_rate_limits",
  "read      meta            meta_health",
  "read      meta            meta_list_pending_actions",
  "read      msg_discounts   msg_discounts_open_api_available",
  "money     msg_discounts   msg_discounts_open_api_multi_confirm",
  "write     msg_discounts   msg_discounts_open_api_multi_create",
  "read      msg_discounts   msg_discounts_open_api_stats",
  "read      msg_discounts   msg_discounts_open_api_tariff_info",
  "public    orders          orders_accept_return_order",
  "public    orders          orders_apply_transition",
  "read      orders          orders_check_confirmation_code",
  "write     orders          orders_cnc_set_details",
  "read      orders          orders_download_label",
  "write     orders          orders_generate_labels",
  "write     orders          orders_generate_labels_extended",
  "read      orders          orders_get_courier_delivery_range",
  "read      orders          orders_get_orders",
  "write     orders          orders_markings",
  "write     orders          orders_set_courier_delivery_range",
  "public    orders          orders_set_tracking_number",
  "money     promotion       promotion_create_bbip_order_for_items_v1",
  "read      promotion       promotion_get_bbip_forecasts_by_items_v1",
  "read      promotion       promotion_get_bbip_suggests_by_items_v1",
  "read      promotion       promotion_get_dict_of_services_v1",
  "read      promotion       promotion_get_order_status_v1",
  "read      promotion       promotion_get_services_by_items_v1",
  "read      promotion       promotion_list_orders_by_user_v1",
  "public    reviews         reviews_create_review_answer_v1",
  "read      reviews         reviews_get_ratings_info_v1",
  "read      reviews         reviews_get_reviews_v1",
  "public    reviews         reviews_remove_review_answer_v1",
  "read      stock           stock_get_stocks_info",
  "public    stock           stock_update_stocks",
  "read      tariffs         tariffs_get_tariff_info",
  "money     trxpromo        trxpromo_apply",
  "write     trxpromo        trxpromo_cancel",
  "read      trxpromo        trxpromo_get_commissions",
  "read      user            user_get_user_balance",
  "read      user            user_get_user_info_self",
  "read      user            user_post_operations_history",
]
`;
